// Jest Snapshot v1, https://goo.gl/fbAQLP

exports[`Checkbox renders default checkbox 1`] = `
<v-checkbox-stub
  backgroundcolor=""
  checkboxvalue="10"
  class="checkbox"
  color="red"
  errorcount="1"
  errormessages=""
  indeterminateicon="$vuetify.icons.checkboxIndeterminate"
  label="Label"
  messages=""
  officon="$vuetify.icons.checkboxOff"
  onicon="$vuetify.icons.checkboxOn"
  ripple="true"
  rules=""
  successmessages=""
  value="10"
  valuecomparator="function deepEqual(a, b) {
    if (a === b) return true;
    if (a instanceof Date && b instanceof Date) {
        // If the values are Date, they were convert to timestamp with getTime and compare it
        if (a.getTime() !== b.getTime()) return false;
    }
    if (a !== Object(a) || b !== Object(b)) {
        // If the values aren't objects, they were already checked for equality
        return false;
    }
    var props = Object.keys(a);
    if (props.length !== Object.keys(b).length) {
        // Different number of props, don't bother to check
        return false;
    }
    return props.every(function (p) {
        return deepEqual(a[p], b[p]);
    });
}"
/>
`;
