// Jest Snapshot v1, https://goo.gl/fbAQLP

exports[`Loading renders default loading 1`] = `<!---->`;

exports[`Loading renders default loading 2`] = `<!---->`;

exports[`Loading renders default loading 3`] = `<!---->`;
