// Jest Snapshot v1, https://goo.gl/fbAQLP

exports[`Popover renders default popover 1`] = `
<div
  class="bg-white max-w-xs shadow-lg popover-card tip-top"
>
  <div
    class="border-b border-grey-l3 p-6"
  />
   
  <div
    class="popover-body p-6"
  />
</div>
`;
